// Jest Snapshot v1, https://goo.gl/fbAQLP

exports[`AddPage should add courses 1`] = `
<div>
  <h3>
    Add new course
  </h3>
  <CreateAddCourseForm
    course={
      Object {
        "courseDescription": "",
        "course_title": "",
        "units": "",
      }
    }
    onChange={[Function]}
    onSubmit={[Function]}
  />
</div>
`;
